******************************************************************************
                  TMS470 Linker PC v4.9.5                      
******************************************************************************
>> Linked Sun Oct 04 14:16:39 2015

OUTPUT FILE NAME:   <hello.out>
ENTRY POINT SYMBOL: "_c_int00"  address: 00000c95


MEMORY CONFIGURATION

         name            origin    length      used     unused   attr    fill
----------------------  --------  ---------  --------  --------  ----  --------
  FLASH                 00000000   00040000  000011c8  0003ee38  R  X
  SRAM                  20000000   00010000  0000013c  0000fec4  RW X


SEGMENT ALLOCATION MAP

run origin  load origin   length   init length attrs members
----------  ----------- ---------- ----------- ----- -------
00000000    00000000    000011c8   000011c8    r-x
  00000000    00000000    000000f0   000000f0    r-- .intvecs
  000000f0    000000f0    00000d40   00000d40    r-x .text
  00000e30    00000e30    00000358   00000358    r-- .const
  00001188    00001188    00000040   00000040    r-- .cinit
20000000    20000000    00000120   00000000    rw-
  20000000    20000000    00000100   00000000    rw- .stack
  20000100    20000100    00000020   00000000    rw- .bss
20000120    20000120    0000001c   0000001c    rw-
  20000120    20000120    0000001c   0000001c    rw- .data


SECTION ALLOCATION MAP

 output                                  attributes/
section   page    origin      length       input sections
--------  ----  ----------  ----------   ----------------
.intvecs   0    00000000    000000f0     
                  00000000    000000f0     startup_ccs.obj (.intvecs)

.init_array 
*          0    00000000    00000000     UNINITIALIZED

.text      0    000000f0    00000d40     
                  000000f0    00000198     driverlib-cm3.lib : sysctl.obj (.text:SysCtlClockGet)
                  00000288    00000144                       : sysctl.obj (.text:SysCtlClockSet)
                  000003cc    000000d4     rit128x96x4.obj (.text:RIT128x96x4StringDraw)
                  000004a0    000000c8     driverlib-cm3.lib : gpio.obj (.text:GPIOPadConfigSet)
                  00000568    000000a0     rit128x96x4.obj (.text:RIT128x96x4Init)
                  00000608    0000009c     rtsv7M3_T_le_eabi.lib : memcpy_t2.obj (.text)
                  000006a4    00000094                           : auto_init.obj (.text)
                  00000738    00000080     hello.obj (.text:main)
                  000007b8    00000064     driverlib-cm3.lib : interrupt.obj (.text:IntEnable)
                  0000081c    00000064     hello.obj (.text:PlayerMovement)
                  00000880    00000060     rit128x96x4.obj (.text:RIT128x96x4Enable)
                  000008e0    00000060     hello.obj (.text:SysTickIntHandler)
                  00000940    0000005e     rtsv7M3_T_le_eabi.lib : copy_decompress_rle.obj (.text)
                  0000099e    00000002     startup_ccs.obj (.text:FaultISR)
                  000009a0    0000005c     rit128x96x4.obj (.text:RITWriteCommand)
                  000009fc    0000005c     rit128x96x4.obj (.text:RITWriteData)
                  00000a58    00000058     driverlib-cm3.lib : sysctl.obj (.text:SysCtlPeripheralEnable)
                  00000ab0    0000004c     hello.obj (.text:GPIOEIntHandler)
                  00000afc    00000048     rit128x96x4.obj (.text:RIT128x96x4Clear)
                  00000b44    00000048     rtsv7M3_T_le_eabi.lib : cpy_tbl.obj (.text)
                  00000b8c    00000044     driverlib-cm3.lib : gpio.obj (.text:GPIOIntTypeSet)
                  00000bd0    00000044                       : ssi.obj (.text:SSIConfigSetExpClk)
                  00000c14    00000044     rtsv7M3_T_le_eabi.lib : exit.obj (.text)
                  00000c58    0000003c     hello.obj (.text:OpponentMovement)
                  00000c94    00000034     rtsv7M3_T_le_eabi.lib : boot.obj (.text)
                  00000cc8    0000002e     driverlib-cm3.lib : gpio.obj (.text:GPIODirModeSet)
                  00000cf6    00000002     startup_ccs.obj (.text:IntDefaultHandler)
                  00000cf8    00000018     rtsv7M3_T_le_eabi.lib : _lock.obj (.text)
                  00000d10    00000018                           : args_main.obj (.text)
                  00000d28    00000014     driverlib-cm3.lib : systick.obj (.text:SysTickEnable)
                  00000d3c    00000014                       : systick.obj (.text:SysTickIntEnable)
                  00000d50    00000012                       : gpio.obj (.text:GPIOPinTypeGPIOInput)
                  00000d62    00000012                       : gpio.obj (.text:GPIOPinTypeGPIOOutput)
                  00000d74    00000012                       : gpio.obj (.text:GPIOPinTypeSSI)
                  00000d86    00000012     rtsv7M3_T_le_eabi.lib : copy_zero_init.obj (.text:decompress:ZI)
                  00000d98    00000010     driverlib-cm3.lib : systick.obj (.text:SysTickPeriodSet)
                  00000da8    0000000e     rtsv7M3_T_le_eabi.lib : copy_decompress_none.obj (.text:decompress:none)
                  00000db6    0000000c     driverlib-cm3.lib : cpu.obj (.text:CPUcpsie)
                  00000dc2    0000000c                       : gpio.obj (.text:GPIOPinIntEnable)
                  00000dce    00000002     startup_ccs.obj (.text:NmiSR)
                  00000dd0    0000000c     rit128x96x4.obj (.text:RIT128x96x4DisplayOff)
                  00000ddc    0000000a     driverlib-cm3.lib : interrupt.obj (.text:IntMasterEnable)
                  00000de6    0000000a                       : ssi.obj (.text:SSIDataPut)
                  00000df0    0000000a                       : ssi.obj (.text:SSIDisable)
                  00000dfa    0000000a                       : ssi.obj (.text:SSIEnable)
                  00000e04    00000008                       : ssi.obj (.text:SSIBusy)
                  00000e0c    00000006                       : gpio.obj (.text:GPIOPinIntClear)
                  00000e12    00000006                       : gpio.obj (.text:GPIOPinRead)
                  00000e18    00000006                       : gpio.obj (.text:GPIOPinWrite)
                  00000e1e    00000006     startup_ccs.obj (.text:ResetISR)
                  00000e24    00000006     driverlib-cm3.lib : sysctl.obj (.text:SysCtlDelay)
                  00000e2a    00000006     rtsv7M3_T_le_eabi.lib : copy_decompress_rle.obj (.text:decompress:rle24)

.const     0    00000e30    00000358     
                  00000e30    000001e0     rit128x96x4.obj (.const:g_pucFont)
                  00001010    00000070     driverlib-cm3.lib : interrupt.obj (.const)
                  00001080    0000006c                       : sysctl.obj (.const:g_pulXtals)
                  000010ec    0000004f     rit128x96x4.obj (.const:g_pucRIT128x96x4Init)
                  0000113b    00000001     --HOLE-- [fill = 0]
                  0000113c    00000040     driverlib-cm3.lib : sysctl.obj (.const)
                  0000117c    0000000c     rit128x96x4.obj (.const)

.cinit     0    00001188    00000040     
                  00001188    00000017     (.cinit..data.load) [load image, compression = rle]
                  0000119f    00000001     --HOLE-- [fill = 0]
                  000011a0    0000000c     (__TI_handler_table)
                  000011ac    00000004     --HOLE-- [fill = 0]
                  000011b0    00000008     (.cinit..bss.load) [load image, compression = zero_init]
                  000011b8    00000010     (__TI_cinit_table)

.stack     0    20000000    00000100     UNINITIALIZED
                  20000000    00000100     --HOLE--

.bss       0    20000100    00000020     UNINITIALIZED
                  20000100    00000014     hello.obj (.bss)
                  20000114    0000000c     rit128x96x4.obj (.bss)

.data      0    20000120    0000001c     
                  20000120    00000008     hello.obj (.data)
                  20000128    00000008     rtsv7M3_T_le_eabi.lib : _lock.obj (.data)
                  20000130    00000008                           : exit.obj (.data)
                  20000138    00000004                           : stkdepth_vars.obj (.data)


LINKER GENERATED COPY TABLES

__TI_cinit_table @ 000011b8 records: 2, size/record: 8, table size: 16
	.data: load addr=00001188, load size=00000017 bytes, run addr=20000120, run size=0000001c bytes, compression=rle
	.bss: load addr=000011b0, load size=00000008 bytes, run addr=20000100, run size=00000020 bytes, compression=zero_init


LINKER GENERATED HANDLER TABLE

__TI_handler_table @ 000011a0 records: 3, size/record: 4, table size: 12
	index: 0, handler: __TI_decompress_rle24
	index: 1, handler: __TI_decompress_none
	index: 2, handler: __TI_zero_init


GLOBAL SYMBOLS: SORTED ALPHABETICALLY BY Name 

address    name
--------   ----
00000c15   C$$EXIT
00000db7   CPUcpsie
00000cc9   GPIODirModeSet
00000ab1   GPIOEIntHandler
00000b8d   GPIOIntTypeSet
000004a1   GPIOPadConfigSet
00000e0d   GPIOPinIntClear
00000dc3   GPIOPinIntEnable
00000e13   GPIOPinRead
00000d51   GPIOPinTypeGPIOInput
00000d63   GPIOPinTypeGPIOOutput
00000d75   GPIOPinTypeSSI
00000e19   GPIOPinWrite
000007b9   IntEnable
00000ddd   IntMasterEnable
00000c59   OpponentMovement
0000081d   PlayerMovement
00000afd   RIT128x96x4Clear
00000dd1   RIT128x96x4DisplayOff
00000881   RIT128x96x4Enable
00000569   RIT128x96x4Init
000003cd   RIT128x96x4StringDraw
00000e1f   ResetISR
UNDEFED    SHT$$INIT_ARRAY$$Base
UNDEFED    SHT$$INIT_ARRAY$$Limit
00000e05   SSIBusy
00000bd1   SSIConfigSetExpClk
00000de7   SSIDataPut
00000df1   SSIDisable
00000dfb   SSIEnable
000000f1   SysCtlClockGet
00000289   SysCtlClockSet
00000e25   SysCtlDelay
00000a59   SysCtlPeripheralEnable
00000d29   SysTickEnable
00000d3d   SysTickIntEnable
000008e1   SysTickIntHandler
00000d99   SysTickPeriodSet
20000100   __STACK_END
00000100   __STACK_SIZE
20000100   __STACK_TOP
000011b8   __TI_CINIT_Base
000011c8   __TI_CINIT_Limit
000011a0   __TI_Handler_Table_Base
000011ac   __TI_Handler_Table_Limit
00000001   __TI_args_main
000006a5   __TI_auto_init
00000da9   __TI_decompress_none
00000e2b   __TI_decompress_rle24
00000000   __TI_static_base__
00000d87   __TI_zero_init
00000609   __aeabi_memcpy
00000609   __aeabi_memcpy4
00000609   __aeabi_memcpy8
ffffffff   __binit__
ffffffff   __c_args__
20000000   __stack
00000d11   _args_main
00000c95   _c_int00
20000130   _cleanup_ptr
20000134   _dtors_ptr
20000128   _lock
00000d05   _nop
00000cff   _register_lock
00000cf9   _register_unlock
2000012c   _unlock
00000c19   abort
ffffffff   binit
00000b45   copy_in
00000c21   exit
20000124   g_opponent_y_axis_counter
00000000   g_pfnVectors
20000120   g_player_y_axis_counter
20000110   g_uiHundredths
20000104   g_uiMinutes
20000108   g_uiSeconds
2000010c   g_uiTenths
20000100   g_ulSystemClock
00000739   main
20000138   main_func_sp
00000609   memcpy


GLOBAL SYMBOLS: SORTED BY Symbol Address 

address    name
--------   ----
00000000   __TI_static_base__
00000000   g_pfnVectors
00000001   __TI_args_main
000000f1   SysCtlClockGet
00000100   __STACK_SIZE
00000289   SysCtlClockSet
000003cd   RIT128x96x4StringDraw
000004a1   GPIOPadConfigSet
00000569   RIT128x96x4Init
00000609   __aeabi_memcpy
00000609   __aeabi_memcpy4
00000609   __aeabi_memcpy8
00000609   memcpy
000006a5   __TI_auto_init
00000739   main
000007b9   IntEnable
0000081d   PlayerMovement
00000881   RIT128x96x4Enable
000008e1   SysTickIntHandler
00000a59   SysCtlPeripheralEnable
00000ab1   GPIOEIntHandler
00000afd   RIT128x96x4Clear
00000b45   copy_in
00000b8d   GPIOIntTypeSet
00000bd1   SSIConfigSetExpClk
00000c15   C$$EXIT
00000c19   abort
00000c21   exit
00000c59   OpponentMovement
00000c95   _c_int00
00000cc9   GPIODirModeSet
00000cf9   _register_unlock
00000cff   _register_lock
00000d05   _nop
00000d11   _args_main
00000d29   SysTickEnable
00000d3d   SysTickIntEnable
00000d51   GPIOPinTypeGPIOInput
00000d63   GPIOPinTypeGPIOOutput
00000d75   GPIOPinTypeSSI
00000d87   __TI_zero_init
00000d99   SysTickPeriodSet
00000da9   __TI_decompress_none
00000db7   CPUcpsie
00000dc3   GPIOPinIntEnable
00000dd1   RIT128x96x4DisplayOff
00000ddd   IntMasterEnable
00000de7   SSIDataPut
00000df1   SSIDisable
00000dfb   SSIEnable
00000e05   SSIBusy
00000e0d   GPIOPinIntClear
00000e13   GPIOPinRead
00000e19   GPIOPinWrite
00000e1f   ResetISR
00000e25   SysCtlDelay
00000e2b   __TI_decompress_rle24
000011a0   __TI_Handler_Table_Base
000011ac   __TI_Handler_Table_Limit
000011b8   __TI_CINIT_Base
000011c8   __TI_CINIT_Limit
20000000   __stack
20000100   __STACK_END
20000100   __STACK_TOP
20000100   g_ulSystemClock
20000104   g_uiMinutes
20000108   g_uiSeconds
2000010c   g_uiTenths
20000110   g_uiHundredths
20000120   g_player_y_axis_counter
20000124   g_opponent_y_axis_counter
20000128   _lock
2000012c   _unlock
20000130   _cleanup_ptr
20000134   _dtors_ptr
20000138   main_func_sp
ffffffff   __binit__
ffffffff   __c_args__
ffffffff   binit
UNDEFED    SHT$$INIT_ARRAY$$Base
UNDEFED    SHT$$INIT_ARRAY$$Limit

[81 symbols]
