******************************************************************************
                  TMS470 Linker PC v4.9.5                      
******************************************************************************
>> Linked Thu Nov 12 18:10:10 2015

OUTPUT FILE NAME:   <pong.out>
ENTRY POINT SYMBOL: "_c_int00"  address: 000015a9


MEMORY CONFIGURATION

         name            origin    length      used     unused   attr    fill
----------------------  --------  ---------  --------  --------  ----  --------
  FLASH                 00000000   00040000  00001bc0  0003e440  R  X
  SRAM                  20000000   00010000  00000168  0000fe98  RW X


SEGMENT ALLOCATION MAP

run origin  load origin   length   init length attrs members
----------  ----------- ---------- ----------- ----- -------
00000000    00000000    00001bc0   00001bc0    r-x
  00000000    00000000    000000f0   000000f0    r-- .intvecs
  000000f0    000000f0    00001728   00001728    r-x .text
  00001818    00001818    00000358   00000358    r-- .const
  00001b70    00001b70    00000050   00000050    r-- .cinit
20000000    20000000    00000100   00000000    rw-
  20000000    20000000    00000100   00000000    rw- .stack
20000100    20000100    00000068   00000058    rw-
  20000100    20000100    00000058   00000058    rw- .data
  20000158    20000158    00000010   00000000    rw- .bss


SECTION ALLOCATION MAP

 output                                  attributes/
section   page    origin      length       input sections
--------  ----  ----------  ----------   ----------------
.intvecs   0    00000000    000000f0     
                  00000000    000000f0     startup_ccs.obj (.intvecs)

.init_array 
*          0    00000000    00000000     UNINITIALIZED

.text      0    000000f0    00001728     
                  000000f0    00000262     ustdlib.obj (.text:uvsnprintf)
                  00000352    00000002     startup_ccs.obj (.text:FaultISR)
                  00000354    0000020c     pong.obj (.text:CollisionDetector)
                  00000560    00000198     driverlib-cm3.lib : sysctl.obj (.text:SysCtlClockGet)
                  000006f8    00000144                       : sysctl.obj (.text:SysCtlClockSet)
                  0000083c    000000fa     rtsv7M3_T_le_eabi.lib : fs_add_t2.obj (.text)
                  00000936    00000002     startup_ccs.obj (.text:IntDefaultHandler)
                  00000938    000000d4     rit128x96x4.obj (.text:RIT128x96x4StringDraw)
                  00000a0c    000000c8     driverlib-cm3.lib : gpio.obj (.text:GPIOPadConfigSet)
                  00000ad4    000000b0     pong.obj (.text:SysTickIntHandler)
                  00000b84    000000a8     pong.obj (.text:OpponentMovement)
                  00000c2c    000000a0     rit128x96x4.obj (.text:RIT128x96x4Init)
                  00000ccc    0000009c     rtsv7M3_T_le_eabi.lib : memcpy_t2.obj (.text)
                  00000d68    00000094                           : auto_init.obj (.text)
                  00000dfc    00000080     pong.obj (.text:main)
                  00000e7c    00000078     pong.obj (.text:BallMovement)
                  00000ef4    00000074     pong.obj (.text:BallMovementAnimation)
                  00000f68    00000064     driverlib-cm3.lib : interrupt.obj (.text:IntEnable)
                  00000fcc    00000060     rit128x96x4.obj (.text:RIT128x96x4Enable)
                  0000102c    00000060     rtsv7M3_T_le_eabi.lib : fs_cmp_t2.obj (.text)
                  0000108c    0000005e                           : copy_decompress_rle.obj (.text)
                  000010ea    00000002     startup_ccs.obj (.text:NmiSR)
                  000010ec    0000005c     rit128x96x4.obj (.text:RITWriteCommand)
                  00001148    0000005c     rit128x96x4.obj (.text:RITWriteData)
                  000011a4    00000058     pong.obj (.text:OpponentMovementAnimation)
                  000011fc    00000058     pong.obj (.text:PlayerMovementAnimation)
                  00001254    00000058     driverlib-cm3.lib : sysctl.obj (.text:SysCtlPeripheralEnable)
                  000012ac    00000054     pong.obj (.text:GPIOEIntHandler)
                  00001300    0000004c     rtsv7M3_T_le_eabi.lib : rand.obj (.text)
                  0000134c    00000048     pong.obj (.text:BallYBounceAngle)
                  00001394    00000048     pong.obj (.text:DisplayScores)
                  000013dc    00000048     rit128x96x4.obj (.text:RIT128x96x4Clear)
                  00001424    00000048     rtsv7M3_T_le_eabi.lib : cpy_tbl.obj (.text)
                  0000146c    00000044     driverlib-cm3.lib : gpio.obj (.text:GPIOIntTypeSet)
                  000014b0    00000044                       : ssi.obj (.text:SSIConfigSetExpClk)
                  000014f4    00000044     rtsv7M3_T_le_eabi.lib : exit.obj (.text)
                  00001538    00000038                           : fs_toi_t2.obj (.text)
                  00001570    00000038                           : i_tofs_t2.obj (.text)
                  000015a8    00000034                           : boot.obj (.text)
                  000015dc    00000034                           : fs_tou_t2.obj (.text)
                  00001610    0000002e     driverlib-cm3.lib : gpio.obj (.text:GPIODirModeSet)
                  0000163e    00000028     pong.obj (.text:BallDirectionForBounceboardCollision)
                  00001666    00000024     rtsv7M3_T_le_eabi.lib : u_tofs_t2.obj (.text)
                  0000168a    00000022     ustdlib.obj (.text:ustrncpy)
                  000016ac    00000020     ustdlib.obj (.text:usprintf)
                  000016cc    00000018     rtsv7M3_T_le_eabi.lib : _lock.obj (.text)
                  000016e4    00000018                           : args_main.obj (.text)
                  000016fc    00000014     pong.obj (.text:IsYBounceable)
                  00001710    00000014     driverlib-cm3.lib : systick.obj (.text:SysTickEnable)
                  00001724    00000014                       : systick.obj (.text:SysTickIntEnable)
                  00001738    00000012                       : gpio.obj (.text:GPIOPinTypeGPIOInput)
                  0000174a    00000012                       : gpio.obj (.text:GPIOPinTypeGPIOOutput)
                  0000175c    00000012                       : gpio.obj (.text:GPIOPinTypeSSI)
                  0000176e    00000012     rtsv7M3_T_le_eabi.lib : copy_zero_init.obj (.text:decompress:ZI)
                  00001780    00000010     driverlib-cm3.lib : systick.obj (.text:SysTickPeriodSet)
                  00001790    0000000e     rtsv7M3_T_le_eabi.lib : copy_decompress_none.obj (.text:decompress:none)
                  0000179e    0000000c     driverlib-cm3.lib : cpu.obj (.text:CPUcpsie)
                  000017aa    0000000c                       : gpio.obj (.text:GPIOPinIntEnable)
                  000017b6    00000002     --HOLE-- [fill = 0]
                  000017b8    0000000c     rit128x96x4.obj (.text:RIT128x96x4DisplayOff)
                  000017c4    0000000a     driverlib-cm3.lib : interrupt.obj (.text:IntMasterEnable)
                  000017ce    0000000a                       : ssi.obj (.text:SSIDataPut)
                  000017d8    0000000a                       : ssi.obj (.text:SSIDisable)
                  000017e2    0000000a                       : ssi.obj (.text:SSIEnable)
                  000017ec    00000008                       : ssi.obj (.text:SSIBusy)
                  000017f4    00000006                       : gpio.obj (.text:GPIOPinIntClear)
                  000017fa    00000006                       : gpio.obj (.text:GPIOPinRead)
                  00001800    00000006                       : gpio.obj (.text:GPIOPinWrite)
                  00001806    00000006     startup_ccs.obj (.text:ResetISR)
                  0000180c    00000006     driverlib-cm3.lib : sysctl.obj (.text:SysCtlDelay)
                  00001812    00000006     rtsv7M3_T_le_eabi.lib : copy_decompress_rle.obj (.text:decompress:rle24)

.const     0    00001818    00000358     
                  00001818    000001e0     rit128x96x4.obj (.const:g_pucFont)
                  000019f8    00000070     driverlib-cm3.lib : interrupt.obj (.const)
                  00001a68    0000006c                       : sysctl.obj (.const:g_pulXtals)
                  00001ad4    0000004f     rit128x96x4.obj (.const:g_pucRIT128x96x4Init)
                  00001b23    00000001     --HOLE-- [fill = 0]
                  00001b24    00000040     driverlib-cm3.lib : sysctl.obj (.const)
                  00001b64    0000000c     rit128x96x4.obj (.const)

.cinit     0    00001b70    00000050     
                  00001b70    0000002c     (.cinit..data.load) [load image, compression = rle]
                  00001b9c    0000000c     (__TI_handler_table)
                  00001ba8    00000008     (.cinit..bss.load) [load image, compression = zero_init]
                  00001bb0    00000010     (__TI_cinit_table)

.stack     0    20000000    00000100     UNINITIALIZED
                  20000000    00000100     --HOLE--

.data      0    20000100    00000058     
                  20000100    00000040     pong.obj (.data)
                  20000140    00000008     rtsv7M3_T_le_eabi.lib : _lock.obj (.data)
                  20000148    00000008                           : exit.obj (.data)
                  20000150    00000004                           : rand.obj (.data)
                  20000154    00000004                           : stkdepth_vars.obj (.data)

.bss       0    20000158    00000010     UNINITIALIZED
                  20000158    0000000c     rit128x96x4.obj (.bss)
                  20000164    00000004     pong.obj (.bss)


LINKER GENERATED COPY TABLES

__TI_cinit_table @ 00001bb0 records: 2, size/record: 8, table size: 16
	.data: load addr=00001b70, load size=0000002c bytes, run addr=20000100, run size=00000058 bytes, compression=rle
	.bss: load addr=00001ba8, load size=00000008 bytes, run addr=20000158, run size=00000010 bytes, compression=zero_init


LINKER GENERATED HANDLER TABLE

__TI_handler_table @ 00001b9c records: 3, size/record: 4, table size: 12
	index: 0, handler: __TI_decompress_rle24
	index: 1, handler: __TI_decompress_none
	index: 2, handler: __TI_zero_init


GLOBAL SYMBOLS: SORTED ALPHABETICALLY BY Name 

address    name
--------   ----
0000163f   BallDirectionForBounceboardCollision
00000e7d   BallMovement
00000ef5   BallMovementAnimation
0000134d   BallYBounceAngle
000014f5   C$$EXIT
0000179f   CPUcpsie
00000355   CollisionDetector
00001395   DisplayScores
00001611   GPIODirModeSet
000012ad   GPIOEIntHandler
0000146d   GPIOIntTypeSet
00000a0d   GPIOPadConfigSet
000017f5   GPIOPinIntClear
000017ab   GPIOPinIntEnable
000017fb   GPIOPinRead
00001739   GPIOPinTypeGPIOInput
0000174b   GPIOPinTypeGPIOOutput
0000175d   GPIOPinTypeSSI
00001801   GPIOPinWrite
00000f69   IntEnable
000017c5   IntMasterEnable
000016fd   IsYBounceable
00000b85   OpponentMovement
000011a5   OpponentMovementAnimation
000011fd   PlayerMovementAnimation
000013dd   RIT128x96x4Clear
000017b9   RIT128x96x4DisplayOff
00000fcd   RIT128x96x4Enable
00000c2d   RIT128x96x4Init
00000939   RIT128x96x4StringDraw
00001807   ResetISR
UNDEFED    SHT$$INIT_ARRAY$$Base
UNDEFED    SHT$$INIT_ARRAY$$Limit
000017ed   SSIBusy
000014b1   SSIConfigSetExpClk
000017cf   SSIDataPut
000017d9   SSIDisable
000017e3   SSIEnable
00000561   SysCtlClockGet
000006f9   SysCtlClockSet
0000180d   SysCtlDelay
00001255   SysCtlPeripheralEnable
00001711   SysTickEnable
00001725   SysTickIntEnable
00000ad5   SysTickIntHandler
00001781   SysTickPeriodSet
20000100   __STACK_END
00000100   __STACK_SIZE
20000100   __STACK_TOP
00001bb0   __TI_CINIT_Base
00001bc0   __TI_CINIT_Limit
00001b9c   __TI_Handler_Table_Base
00001ba8   __TI_Handler_Table_Limit
00000001   __TI_args_main
00000d69   __TI_auto_init
00001791   __TI_decompress_none
00001813   __TI_decompress_rle24
00000000   __TI_static_base__
0000176f   __TI_zero_init
0000102d   __aeabi_cfcmpeq
0000102d   __aeabi_cfcmple
00001539   __aeabi_f2iz
000015dd   __aeabi_f2uiz
00000841   __aeabi_fadd
0000083d   __aeabi_fsub
00001571   __aeabi_i2f
00000ccd   __aeabi_memcpy
00000ccd   __aeabi_memcpy4
00000ccd   __aeabi_memcpy8
00001667   __aeabi_ui2f
ffffffff   __binit__
ffffffff   __c_args__
20000000   __stack
000016e5   _args_main
000015a9   _c_int00
20000148   _cleanup_ptr
2000014c   _dtors_ptr
20000140   _lock
000016d9   _nop
000016d3   _register_lock
000016cd   _register_unlock
20000144   _unlock
000014f9   abort
ffffffff   binit
00001425   copy_in
00001501   exit
20000118   g_ball_x_axis_counter
20000124   g_ball_x_direction
2000011c   g_ball_x_step
20000114   g_ball_y_axis_counter
20000128   g_ball_y_direction
20000120   g_ball_y_step
2000012c   g_game_active
20000130   g_game_sleep
20000134   g_game_sleep_counter
2000013c   g_opponent_score
20000108   g_opponent_x_axis_counter
2000010c   g_opponent_y_axis_counter
20000110   g_opponent_y_direction
00000000   g_pfnVectors
20000138   g_player_score
20000100   g_player_x_axis_counter
20000104   g_player_y_axis_counter
20000164   g_ulSystemClock
00000dfd   main
20000154   main_func_sp
00000ccd   memcpy
00001317   rand
00001301   srand
000016ad   usprintf
0000168b   ustrncpy
000000f1   uvsnprintf


GLOBAL SYMBOLS: SORTED BY Symbol Address 

address    name
--------   ----
00000000   __TI_static_base__
00000000   g_pfnVectors
00000001   __TI_args_main
000000f1   uvsnprintf
00000100   __STACK_SIZE
00000355   CollisionDetector
00000561   SysCtlClockGet
000006f9   SysCtlClockSet
0000083d   __aeabi_fsub
00000841   __aeabi_fadd
00000939   RIT128x96x4StringDraw
00000a0d   GPIOPadConfigSet
00000ad5   SysTickIntHandler
00000b85   OpponentMovement
00000c2d   RIT128x96x4Init
00000ccd   __aeabi_memcpy
00000ccd   __aeabi_memcpy4
00000ccd   __aeabi_memcpy8
00000ccd   memcpy
00000d69   __TI_auto_init
00000dfd   main
00000e7d   BallMovement
00000ef5   BallMovementAnimation
00000f69   IntEnable
00000fcd   RIT128x96x4Enable
0000102d   __aeabi_cfcmpeq
0000102d   __aeabi_cfcmple
000011a5   OpponentMovementAnimation
000011fd   PlayerMovementAnimation
00001255   SysCtlPeripheralEnable
000012ad   GPIOEIntHandler
00001301   srand
00001317   rand
0000134d   BallYBounceAngle
00001395   DisplayScores
000013dd   RIT128x96x4Clear
00001425   copy_in
0000146d   GPIOIntTypeSet
000014b1   SSIConfigSetExpClk
000014f5   C$$EXIT
000014f9   abort
00001501   exit
00001539   __aeabi_f2iz
00001571   __aeabi_i2f
000015a9   _c_int00
000015dd   __aeabi_f2uiz
00001611   GPIODirModeSet
0000163f   BallDirectionForBounceboardCollision
00001667   __aeabi_ui2f
0000168b   ustrncpy
000016ad   usprintf
000016cd   _register_unlock
000016d3   _register_lock
000016d9   _nop
000016e5   _args_main
000016fd   IsYBounceable
00001711   SysTickEnable
00001725   SysTickIntEnable
00001739   GPIOPinTypeGPIOInput
0000174b   GPIOPinTypeGPIOOutput
0000175d   GPIOPinTypeSSI
0000176f   __TI_zero_init
00001781   SysTickPeriodSet
00001791   __TI_decompress_none
0000179f   CPUcpsie
000017ab   GPIOPinIntEnable
000017b9   RIT128x96x4DisplayOff
000017c5   IntMasterEnable
000017cf   SSIDataPut
000017d9   SSIDisable
000017e3   SSIEnable
000017ed   SSIBusy
000017f5   GPIOPinIntClear
000017fb   GPIOPinRead
00001801   GPIOPinWrite
00001807   ResetISR
0000180d   SysCtlDelay
00001813   __TI_decompress_rle24
00001b9c   __TI_Handler_Table_Base
00001ba8   __TI_Handler_Table_Limit
00001bb0   __TI_CINIT_Base
00001bc0   __TI_CINIT_Limit
20000000   __stack
20000100   __STACK_END
20000100   __STACK_TOP
20000100   g_player_x_axis_counter
20000104   g_player_y_axis_counter
20000108   g_opponent_x_axis_counter
2000010c   g_opponent_y_axis_counter
20000110   g_opponent_y_direction
20000114   g_ball_y_axis_counter
20000118   g_ball_x_axis_counter
2000011c   g_ball_x_step
20000120   g_ball_y_step
20000124   g_ball_x_direction
20000128   g_ball_y_direction
2000012c   g_game_active
20000130   g_game_sleep
20000134   g_game_sleep_counter
20000138   g_player_score
2000013c   g_opponent_score
20000140   _lock
20000144   _unlock
20000148   _cleanup_ptr
2000014c   _dtors_ptr
20000154   main_func_sp
20000164   g_ulSystemClock
ffffffff   __binit__
ffffffff   __c_args__
ffffffff   binit
UNDEFED    SHT$$INIT_ARRAY$$Base
UNDEFED    SHT$$INIT_ARRAY$$Limit

[112 symbols]
